[14-Jun-2026 08:07:01 UTC] PHP Fatal error:  Uncaught TypeError: Helpers::e(): Argument #1 ($val) must be of type string, null given, called in /home/dispdrvg/app.displaymanagerpro.com/app/views/admin/plan-edit.php on line 17 and defined in /home/dispdrvg/app.displaymanagerpro.com/app/helpers/Helpers.php:103
Stack trace:
#0 /home/dispdrvg/app.displaymanagerpro.com/app/views/admin/plan-edit.php(17): Helpers::e()
#1 /home/dispdrvg/app.displaymanagerpro.com/app/views/layouts/admin.php(80): require('/home/dispdrvg/...')
#2 /home/dispdrvg/app.displaymanagerpro.com/app/helpers/Core.php(70): require('/home/dispdrvg/...')
#3 /home/dispdrvg/app.displaymanagerpro.com/app/controllers/AdminController.php(129): BaseController->view()
#4 /home/dispdrvg/app.displaymanagerpro.com/app/helpers/Core.php(42): AdminController->editPlan()
#5 /home/dispdrvg/app.displaymanagerpro.com/public/index.php(167): Router->dispatch()
#6 {main}
  thrown in /home/dispdrvg/app.displaymanagerpro.com/app/helpers/Helpers.php on line 103
[14-Jun-2026 08:07:25 UTC] PHP Fatal error:  Uncaught TypeError: Helpers::e(): Argument #1 ($val) must be of type string, null given, called in /home/dispdrvg/app.displaymanagerpro.com/app/views/admin/plan-edit.php on line 17 and defined in /home/dispdrvg/app.displaymanagerpro.com/app/helpers/Helpers.php:103
Stack trace:
#0 /home/dispdrvg/app.displaymanagerpro.com/app/views/admin/plan-edit.php(17): Helpers::e()
#1 /home/dispdrvg/app.displaymanagerpro.com/app/views/layouts/admin.php(80): require('/home/dispdrvg/...')
#2 /home/dispdrvg/app.displaymanagerpro.com/app/helpers/Core.php(70): require('/home/dispdrvg/...')
#3 /home/dispdrvg/app.displaymanagerpro.com/app/controllers/AdminController.php(129): BaseController->view()
#4 /home/dispdrvg/app.displaymanagerpro.com/app/helpers/Core.php(42): AdminController->editPlan()
#5 /home/dispdrvg/app.displaymanagerpro.com/public/index.php(167): Router->dispatch()
#6 {main}
  thrown in /home/dispdrvg/app.displaymanagerpro.com/app/helpers/Helpers.php on line 103
[14-Jun-2026 10:19:23 UTC] PHP Fatal error:  Uncaught TypeError: Helpers::e(): Argument #1 ($val) must be of type string, null given, called in /home/dispdrvg/app.displaymanagerpro.com/app/views/admin/plan-edit.php on line 17 and defined in /home/dispdrvg/app.displaymanagerpro.com/app/helpers/Helpers.php:103
Stack trace:
#0 /home/dispdrvg/app.displaymanagerpro.com/app/views/admin/plan-edit.php(17): Helpers::e()
#1 /home/dispdrvg/app.displaymanagerpro.com/app/views/layouts/admin.php(80): require('/home/dispdrvg/...')
#2 /home/dispdrvg/app.displaymanagerpro.com/app/helpers/Core.php(70): require('/home/dispdrvg/...')
#3 /home/dispdrvg/app.displaymanagerpro.com/app/controllers/AdminController.php(129): BaseController->view()
#4 /home/dispdrvg/app.displaymanagerpro.com/app/helpers/Core.php(42): AdminController->editPlan()
#5 /home/dispdrvg/app.displaymanagerpro.com/public/index.php(167): Router->dispatch()
#6 {main}
  thrown in /home/dispdrvg/app.displaymanagerpro.com/app/helpers/Helpers.php on line 103
[14-Jun-2026 10:19:27 UTC] PHP Fatal error:  Uncaught TypeError: Helpers::e(): Argument #1 ($val) must be of type string, null given, called in /home/dispdrvg/app.displaymanagerpro.com/app/views/admin/plan-edit.php on line 17 and defined in /home/dispdrvg/app.displaymanagerpro.com/app/helpers/Helpers.php:103
Stack trace:
#0 /home/dispdrvg/app.displaymanagerpro.com/app/views/admin/plan-edit.php(17): Helpers::e()
#1 /home/dispdrvg/app.displaymanagerpro.com/app/views/layouts/admin.php(80): require('/home/dispdrvg/...')
#2 /home/dispdrvg/app.displaymanagerpro.com/app/helpers/Core.php(70): require('/home/dispdrvg/...')
#3 /home/dispdrvg/app.displaymanagerpro.com/app/controllers/AdminController.php(129): BaseController->view()
#4 /home/dispdrvg/app.displaymanagerpro.com/app/helpers/Core.php(42): AdminController->editPlan()
#5 /home/dispdrvg/app.displaymanagerpro.com/public/index.php(167): Router->dispatch()
#6 {main}
  thrown in /home/dispdrvg/app.displaymanagerpro.com/app/helpers/Helpers.php on line 103
[14-Jun-2026 10:20:45 UTC] PHP Fatal error:  Uncaught TypeError: Helpers::e(): Argument #1 ($val) must be of type string, null given, called in /home/dispdrvg/app.displaymanagerpro.com/app/views/admin/plan-edit.php on line 17 and defined in /home/dispdrvg/app.displaymanagerpro.com/app/helpers/Helpers.php:103
Stack trace:
#0 /home/dispdrvg/app.displaymanagerpro.com/app/views/admin/plan-edit.php(17): Helpers::e()
#1 /home/dispdrvg/app.displaymanagerpro.com/app/views/layouts/admin.php(80): require('/home/dispdrvg/...')
#2 /home/dispdrvg/app.displaymanagerpro.com/app/helpers/Core.php(70): require('/home/dispdrvg/...')
#3 /home/dispdrvg/app.displaymanagerpro.com/app/controllers/AdminController.php(129): BaseController->view()
#4 /home/dispdrvg/app.displaymanagerpro.com/app/helpers/Core.php(42): AdminController->editPlan()
#5 /home/dispdrvg/app.displaymanagerpro.com/public/index.php(167): Router->dispatch()
#6 {main}
  thrown in /home/dispdrvg/app.displaymanagerpro.com/app/helpers/Helpers.php on line 103
[14-Jun-2026 10:34:50 UTC] PHP Fatal error:  Uncaught Error: Class "ContentController" not found in /home/dispdrvg/app.displaymanagerpro.com/app/views/marketing/home.php:2
Stack trace:
#0 /home/dispdrvg/app.displaymanagerpro.com/app/views/marketing/home.php(11): BaseController->{closure}()
#1 /home/dispdrvg/app.displaymanagerpro.com/app/views/layouts/marketing.php(68): require('/home/dispdrvg/...')
#2 /home/dispdrvg/app.displaymanagerpro.com/app/helpers/Core.php(70): require('/home/dispdrvg/...')
#3 /home/dispdrvg/app.displaymanagerpro.com/app/controllers/MarketingController.php(10): BaseController->view()
#4 /home/dispdrvg/app.displaymanagerpro.com/app/helpers/Core.php(42): MarketingController->home()
#5 /home/dispdrvg/app.displaymanagerpro.com/public/index.php(172): Router->dispatch()
#6 {main}
  thrown in /home/dispdrvg/app.displaymanagerpro.com/app/views/marketing/home.php on line 2
[14-Jun-2026 10:35:04 UTC] PHP Fatal error:  Uncaught Error: Class "ContentController" not found in /home/dispdrvg/app.displaymanagerpro.com/app/views/marketing/home.php:2
Stack trace:
#0 /home/dispdrvg/app.displaymanagerpro.com/app/views/marketing/home.php(11): BaseController->{closure}()
#1 /home/dispdrvg/app.displaymanagerpro.com/app/views/layouts/marketing.php(68): require('/home/dispdrvg/...')
#2 /home/dispdrvg/app.displaymanagerpro.com/app/helpers/Core.php(70): require('/home/dispdrvg/...')
#3 /home/dispdrvg/app.displaymanagerpro.com/app/controllers/MarketingController.php(10): BaseController->view()
#4 /home/dispdrvg/app.displaymanagerpro.com/app/helpers/Core.php(42): MarketingController->home()
#5 /home/dispdrvg/app.displaymanagerpro.com/public/index.php(172): Router->dispatch()
#6 {main}
  thrown in /home/dispdrvg/app.displaymanagerpro.com/app/views/marketing/home.php on line 2
[14-Jun-2026 10:35:08 UTC] PHP Fatal error:  Uncaught Error: Class "ContentController" not found in /home/dispdrvg/app.displaymanagerpro.com/app/views/marketing/home.php:2
Stack trace:
#0 /home/dispdrvg/app.displaymanagerpro.com/app/views/marketing/home.php(11): BaseController->{closure}()
#1 /home/dispdrvg/app.displaymanagerpro.com/app/views/layouts/marketing.php(68): require('/home/dispdrvg/...')
#2 /home/dispdrvg/app.displaymanagerpro.com/app/helpers/Core.php(70): require('/home/dispdrvg/...')
#3 /home/dispdrvg/app.displaymanagerpro.com/app/controllers/MarketingController.php(10): BaseController->view()
#4 /home/dispdrvg/app.displaymanagerpro.com/app/helpers/Core.php(42): MarketingController->home()
#5 /home/dispdrvg/app.displaymanagerpro.com/public/index.php(172): Router->dispatch()
#6 {main}
  thrown in /home/dispdrvg/app.displaymanagerpro.com/app/views/marketing/home.php on line 2
[14-Jun-2026 10:35:16 UTC] PHP Fatal error:  Uncaught Error: Class "ContentController" not found in /home/dispdrvg/app.displaymanagerpro.com/app/helpers/Core.php:41
Stack trace:
#0 /home/dispdrvg/app.displaymanagerpro.com/public/index.php(172): Router->dispatch()
#1 {main}
  thrown in /home/dispdrvg/app.displaymanagerpro.com/app/helpers/Core.php on line 41
[14-Jun-2026 10:35:17 UTC] PHP Fatal error:  Uncaught Error: Class "ContentController" not found in /home/dispdrvg/app.displaymanagerpro.com/app/helpers/Core.php:41
Stack trace:
#0 /home/dispdrvg/app.displaymanagerpro.com/public/index.php(172): Router->dispatch()
#1 {main}
  thrown in /home/dispdrvg/app.displaymanagerpro.com/app/helpers/Core.php on line 41
[14-Jun-2026 10:35:18 UTC] PHP Fatal error:  Uncaught Error: Class "ContentController" not found in /home/dispdrvg/app.displaymanagerpro.com/app/helpers/Core.php:41
Stack trace:
#0 /home/dispdrvg/app.displaymanagerpro.com/public/index.php(172): Router->dispatch()
#1 {main}
  thrown in /home/dispdrvg/app.displaymanagerpro.com/app/helpers/Core.php on line 41
[14-Jun-2026 10:35:18 UTC] PHP Fatal error:  Uncaught Error: Class "ContentController" not found in /home/dispdrvg/app.displaymanagerpro.com/app/helpers/Core.php:41
Stack trace:
#0 /home/dispdrvg/app.displaymanagerpro.com/public/index.php(172): Router->dispatch()
#1 {main}
  thrown in /home/dispdrvg/app.displaymanagerpro.com/app/helpers/Core.php on line 41
[14-Jun-2026 10:35:45 UTC] PHP Fatal error:  Uncaught Error: Class "ContentController" not found in /home/dispdrvg/app.displaymanagerpro.com/app/helpers/Core.php:41
Stack trace:
#0 /home/dispdrvg/app.displaymanagerpro.com/public/index.php(172): Router->dispatch()
#1 {main}
  thrown in /home/dispdrvg/app.displaymanagerpro.com/app/helpers/Core.php on line 41
[14-Jun-2026 10:44:35 UTC] PHP Fatal error:  Uncaught Error: Class "ContentController" not found in /home/dispdrvg/app.displaymanagerpro.com/app/helpers/Core.php:41
Stack trace:
#0 /home/dispdrvg/app.displaymanagerpro.com/public/index.php(172): Router->dispatch()
#1 {main}
  thrown in /home/dispdrvg/app.displaymanagerpro.com/app/helpers/Core.php on line 41
[14-Jun-2026 10:44:42 UTC] PHP Fatal error:  Uncaught Error: Class "ContentController" not found in /home/dispdrvg/app.displaymanagerpro.com/app/helpers/Core.php:41
Stack trace:
#0 /home/dispdrvg/app.displaymanagerpro.com/public/index.php(172): Router->dispatch()
#1 {main}
  thrown in /home/dispdrvg/app.displaymanagerpro.com/app/helpers/Core.php on line 41
[14-Jun-2026 10:44:47 UTC] PHP Fatal error:  Uncaught Error: Class "ContentController" not found in /home/dispdrvg/app.displaymanagerpro.com/app/helpers/Core.php:41
Stack trace:
#0 /home/dispdrvg/app.displaymanagerpro.com/public/index.php(172): Router->dispatch()
#1 {main}
  thrown in /home/dispdrvg/app.displaymanagerpro.com/app/helpers/Core.php on line 41
[19-Jun-2026 03:37:07 UTC] Database connection failed: SQLSTATE[HY000] [2002] No connection could be made because the target machine actively refused it
